// Jest Snapshot v1, https://goo.gl/fbAQLP

exports[`renders BarChart default correctly 1`] = `
<article
  className="container"
>
  <div
    className="wrapper"
  >
    <h3
      className="title"
    >
      Title BarCHart
    </h3>
    <div>
      <div>
        Chart
      </div>
    </div>
  </div>
</article>
`;
