// Jest Snapshot v1, https://goo.gl/fbAQLP

exports[`renders Hello default correctly 1`] = `
<div>
  Hello
</div>
`;
